<?xml version="1.0" encoding="utf-8"?><Bundle xmlns="http://hl7.org/fhir"><meta><lastUpdated value="[DATETIME]" /></meta><identifier>FHIRWEAVR</identifier><type value="document" /><entry><resource><Composition><status value="final" /><type><coding><system value="http://loinc.org" /></coding><text value="VirZOOM output" /></type><status value="final" /><subject>Reference(Device)</subject><date value="[dateTime]" /><author>Reference(Device)</author><title>VirZOOM output</title><List><status value="current" /><mode value="working" /><entry><item distance="[VALUE]" /></entry><entry><item speed="[VALUE]" /></entry><entry><item resistance="[VALUE]" /></entry><entry><item heartrate="[VALUE]" /></entry><entry><item rotation="[VALUE]" /></entry><entry><item lean="[VALUE]" /></entry><entry><item incline="[VALUE]" /></entry></List></Composition></resource></entry></Bundle>